// Jest Snapshot v1, https://goo.gl/fbAQLP

exports[`CountryTable Component matches snapshot 1`] = `
<div>
  <table
    class="table-container"
  >
    <thead>
      <tr>
        <th>
          Country Name
        </th>
        <th>
          Country Code
        </th>
      </tr>
    </thead>
    <tbody>
      <tr>
        <td>
          Armenia
        </td>
        <td>
          AM
        </td>
      </tr>
    </tbody>
  </table>
</div>
`;
